Microsoft (R) Macro Assembler Version 14.29.30147.0	    11/27/22 21:30:02
wordle.asm						     Page 1 - 1


				;--------------------------------------------------------
				; Authors: Spencer Hirsch, shirsch2020@my.fit.edu, James
				;          Pabisz, jpabisz2020@my.fit.edu
				; Program: Wordle in Assembly (Contest 1)
				; Course: Computer Architecture and Assembly, Fall 2022
				;--------------------------------------------------------

				.386
				INCLUDE Irvine32.inc
			      C ; Include file for Irvine32.lib             (Irvine32.inc)
			      C 
			      C ;OPTION CASEMAP:NONE		; optional: make identifiers case-sensitive
			      C 
			      C INCLUDE SmallWin.inc		; MS-Windows prototypes, structures, and constants
			      C .NOLIST
			      C .LIST
			      C 
			      C INCLUDE VirtualKeys.inc
			      C ; VirtualKeys.inc
			      C .NOLIST
			      C .LIST
			      C 
			      C 
			      C .NOLIST
			      C .LIST
			      C 
				;-------------------------------------------------------
				; Macro used to convert all of the characters in a given
				; string to uppercase. So that the inputs will always
				; match regardless of case.
				;-------------------------------------------------------
				ToUpper MACRO char
				 mov esi, char                  ; Move string to reg
				 mov ecx, 5                     ; Counter for loop
				 StandardizeCase:
				  mov al, [esi]
				  cmp al, 0                     ; Do comparison
				  je OutLoop                    
				  cmp al, 'a'
				  jb NextLetter                 ; Jump
				  cmp al, 'z'
				  ja NextLetter                 ; Jump
				  and BYTE PTR [esi], 11011111b
				  
				 NextLetter:                    ; Move to next letter
				  inc esi                       ; in string
				  jmp StandardizeCase
				 
				 OutLoop:                  
				  mov ecx, 0
				ENDM
				 
 00000000			.data
				;--------------------------------------------------------
				; All of the messages displayed to the user upon
				; beginning the program.
				;--------------------------------------------------------
 00000000 57 65 6C 63 6F	intro BYTE "Welcome to WORDLE!",0
	   6D 65 20 74 6F
	   20 57 4F 52 44
	   4C 45 21 00
 00000013 54 68 65 20 72	ruleIntro BYTE "The rules of the game are simple:",0
	   75 6C 65 73 20
	   6F 66 20 74 68
	   65 20 67 61 6D
	   65 20 61 72 65
	   20 73 69 6D 70
	   6C 65 3A 00
 00000035 47 72 65 65 6E	green_message BYTE "Green: Letter included in string, correct placement.",0
	   3A 20 4C 65 74
	   74 65 72 20 69
	   6E 63 6C 75 64
	   65 64 20 69 6E
	   20 73 74 72 69
	   6E 67 2C 20 63
	   6F 72 72 65 63
	   74 20 70 6C 61
	   63 65 6D 65 6E
	   74 2E 00
 0000006A 59 65 6C 6C 6F	yellow_message BYTE "Yellow: Letter included in string, incorrect placement.",0
	   77 3A 20 4C 65
	   74 74 65 72 20
	   69 6E 63 6C 75
	   64 65 64 20 69
	   6E 20 73 74 72
	   69 6E 67 2C 20
	   69 6E 63 6F 72
	   72 65 63 74 20
	   70 6C 61 63 65
	   6D 65 6E 74 2E
	   00
 000000A2 52 65 64 3A 20	red_message BYTE "Red: Letter is not included within the string.",0
	   4C 65 74 74 65
	   72 20 69 73 20
	   6E 6F 74 20 69
	   6E 63 6C 75 64
	   65 64 20 77 69
	   74 68 69 6E 20
	   74 68 65 20 73
	   74 72 69 6E 67
	   2E 00
 000000D1 31 2E 20 54 68	rule1 BYTE "1. This is more fun with two people, therefore, a two player game.",0
	   69 73 20 69 73
	   20 6D 6F 72 65
	   20 66 75 6E 20
	   77 69 74 68 20
	   74 77 6F 20 70
	   65 6F 70 6C 65
	   2C 20 74 68 65
	   72 65 66 6F 72
	   65 2C 20 61 20
	   74 77 6F 20 70
	   6C 61 79 65 72
	   20 67 61 6D 65
	   2E 00
 00000114 32 2E 20 4F 6E	rule2 BYTE "2. One user must input a word for the other to guess.",0
	   65 20 75 73 65
	   72 20 6D 75 73
	   74 20 69 6E 70
	   75 74 20 61 20
	   77 6F 72 64 20
	   66 6F 72 20 74
	   68 65 20 6F 74
	   68 65 72 20 74
	   6F 20 67 75 65
	   73 73 2E 00
 0000014A 33 2E 20 54 68	rule3 BYTE "3. The inputted word must be 5 characters.",0
	   65 20 69 6E 70
	   75 74 74 65 64
	   20 77 6F 72 64
	   20 6D 75 73 74
	   20 62 65 20 35
	   20 63 68 61 72
	   61 63 74 65 72
	   73 2E 00
 00000175 34 2E 20 49 66	rule4 BYTE "4. If a string exceeds 5 characters the remaining characters will be dropped.",0
	   20 61 20 73 74
	   72 69 6E 67 20
	   65 78 63 65 65
	   64 73 20 35 20
	   63 68 61 72 61
	   63 74 65 72 73
	   20 74 68 65 20
	   72 65 6D 61 69
	   6E 69 6E 67 20
	   63 68 61 72 61
	   63 74 65 72 73
	   20 77 69 6C 6C
	   20 62 65 20 64
	   72 6F 70 70 65
	   64 2E 00
 000001C3 35 2E 20 49 66	rule5 BYTE "5. If a string contains less than 5 characters the game ends.",0
	   20 61 20 73 74
	   72 69 6E 67 20
	   63 6F 6E 74 61
	   69 6E 73 20 6C
	   65 73 73 20 74
	   68 61 6E 20 35
	   20 63 68 61 72
	   61 63 74 65 72
	   73 20 74 68 65
	   20 67 61 6D 65
	   20 65 6E 64 73
	   2E 00
 00000201 36 2E 20 59 6F	rule6 BYTE "6. You only have 6 chances to figure out the word.",0
	   75 20 6F 6E 6C
	   79 20 68 61 76
	   65 20 36 20 63
	   68 61 6E 63 65
	   73 20 74 6F 20
	   66 69 67 75 72
	   65 20 6F 75 74
	   20 74 68 65 20
	   77 6F 72 64 2E
	   00
 00000234 37 2E 20 54 68	rule7 BYTE "7. There are a possible 600 points to score.",0
	   65 72 65 20 61
	   72 65 20 61 20
	   70 6F 73 73 69
	   62 6C 65 20 36
	   30 30 20 70 6F
	   69 6E 74 73 20
	   74 6F 20 73 63
	   6F 72 65 2E 00

				;--------------------------------------------------------
				;  Set of options that displays upon running the program
				;--------------------------------------------------------
 00000261 31 00			opt1 BYTE "1",0
 00000263 32 00			opt2 BYTE "2",0
 00000265 33 00			opt3 BYTE "3",0
 00000267 34 00			opt4 BYTE "4",0
 00000269 50 6C 65 61 73	options BYTE "Please select an option: ",0
	   65 20 73 65 6C
	   65 63 74 20 61
	   6E 20 6F 70 74
	   69 6F 6E 3A 20
	   00
 00000283 28 31 2E 29 20	option1 BYTE "(1.) Rules",0
	   52 75 6C 65 73
	   00
 0000028E 28 32 2E 29 20	option2 BYTE "(2.) Helpful Tips",0
	   48 65 6C 70 66
	   75 6C 20 54 69
	   70 73 00
 000002A0 28 33 2E 29 20	option3 BYTE "(3.) How Scoring Works",0
	   48 6F 77 20 53
	   63 6F 72 69 6E
	   67 20 57 6F 72
	   6B 73 00
 000002B7 28 34 2E 29 20	option4 BYTE "(4.) Play Game",0
	   50 6C 61 79 20
	   47 61 6D 65 00
 000002C6 54 79 70 65 20	inputOptionPrompt BYTE "Type the number of the option you would like: ",0
	   74 68 65 20 6E
	   75 6D 62 65 72
	   20 6F 66 20 74
	   68 65 20 6F 70
	   74 69 6F 6E 20
	   79 6F 75 20 77
	   6F 75 6C 64 20
	   6C 69 6B 65 3A
	   20 00
 000002F5 48 65 72 65 20	helpful BYTE "Here are some helpful tips: ",0
	   61 72 65 20 73
	   6F 6D 65 20 68
	   65 6C 70 66 75
	   6C 20 74 69 70
	   73 3A 20 00
 00000312 31 2E 20 55 73	helpful1 BYTE "1. Use vowels.",0
	   65 20 76 6F 77
	   65 6C 73 2E 00
 00000321 32 2E 20 55 73	helpful2 BYTE "2. Use common letters",0
	   65 20 63 6F 6D
	   6D 6F 6E 20 6C
	   65 74 74 65 72
	   73 00
 00000337 33 2E 20 41 76	helpful3 BYTE "3. Avoid repeat letters not included.",0
	   6F 69 64 20 72
	   65 70 65 61 74
	   20 6C 65 74 74
	   65 72 73 20 6E
	   6F 74 20 69 6E
	   63 6C 75 64 65
	   64 2E 00
 0000035D 54 68 69 73 20	scoring BYTE "This is how the scoring works.",0
	   69 73 20 68 6F
	   77 20 74 68 65
	   20 73 63 6F 72
	   69 6E 67 20 77
	   6F 72 6B 73 2E
	   00
 0000037C 31 2E 20 53 63	scoring1 BYTE "1. Scores are calculated based on number of tries.",0
	   6F 72 65 73 20
	   61 72 65 20 63
	   61 6C 63 75 6C
	   61 74 65 64 20
	   62 61 73 65 64
	   20 6F 6E 20 6E
	   75 6D 62 65 72
	   20 6F 66 20 74
	   72 69 65 73 2E
	   00
 000003AF 32 2E 20 53 63	scoring2 BYTE "2. Scores are summed over a specified number of games.",0
	   6F 72 65 73 20
	   61 72 65 20 73
	   75 6D 6D 65 64
	   20 6F 76 65 72
	   20 61 20 73 70
	   65 63 69 66 69
	   65 64 20 6E 75
	   6D 62 65 72 20
	   6F 66 20 67 61
	   6D 65 73 2E 00
 000003E6 33 2E 20 45 61	scoring3 BYTE "3. Each player has the same number of tries per game.",0
	   63 68 20 70 6C
	   61 79 65 72 20
	   68 61 73 20 74
	   68 65 20 73 61
	   6D 65 20 6E 75
	   6D 62 65 72 20
	   6F 66 20 74 72
	   69 65 73 20 70
	   65 72 20 67 61
	   6D 65 2E 00
 0000041C 34 2E 20 54 68	scoring4 BYTE "4. The person with the most points wins!",0
	   65 20 70 65 72
	   73 6F 6E 20 77
	   69 74 68 20 74
	   68 65 20 6D 6F
	   73 74 20 70 6F
	   69 6E 74 73 20
	   77 69 6E 73 21
	   00
 00000445 54 68 65 20 69	invalidInput BYTE "The input character is invalid. Your game ends here. Better luck next time!",0
	   6E 70 75 74 20
	   63 68 61 72 61
	   63 74 65 72 20
	   69 73 20 69 6E
	   76 61 6C 69 64
	   2E 20 59 6F 75
	   72 20 67 61 6D
	   65 20 65 6E 64
	   73 20 68 65 72
	   65 2E 20 42 65
	   74 74 65 72 20
	   6C 75 63 6B 20
	   6E 65 78 74 20
	   74 69 6D 65 21
	   00
 00000491  00000002 [		inputOption BYTE 2 DUP(?)
	    00
	   ]
				;--------------------------------------------------------
				; All of the potential messages that are used upon the 
				; completion of the program.
				;--------------------------------------------------------
 00000493 47 6F 6F 64 20	luck BYTE "Good Luck!",0
	   4C 75 63 6B 21
	   00
 0000049E 42 65 74 74 65	fail BYTE "Better Luck Next Time!",0
	   72 20 4C 75 63
	   6B 20 4E 65 78
	   74 20 54 69 6D
	   65 21 00
 000004B5 69 6E 74 65 72	attempt1 BYTE "interesting... ig good job",0
	   65 73 74 69 6E
	   67 2E 2E 2E 20
	   69 67 20 67 6F
	   6F 64 20 6A 6F
	   62 00
 000004D0 57 6F 77 21 20	pass BYTE "Wow! That Was Impressive!",0
	   54 68 61 74 20
	   57 61 73 20 49
	   6D 70 72 65 73
	   73 69 76 65 21
	   00
 000004EA 54 68 61 74 20	ok_message BYTE "That was ok, you can do better.",0
	   77 61 73 20 6F
	   6B 2C 20 79 6F
	   75 20 63 61 6E
	   20 64 6F 20 62
	   65 74 74 65 72
	   2E 00
 0000050A 59 6F 75 20 73	score_message BYTE "You scored: ",0
	   63 6F 72 65 64
	   3A 20 00
 00000517 20 50 6F 69 6E	points_message BYTE " Points",0
	   74 73 00
 0000051F 2D 31 30 30 20	minus_points BYTE "-100 Points!",0
	   50 6F 69 6E 74
	   73 21 00
 0000052C 50 6F 74 65 6E	current_points BYTE "Potential points: ",0
	   74 69 61 6C 20
	   70 6F 69 6E 74
	   73 3A 20 00
 0000053F 54 68 65 20 69	not_valid BYTE "The inputted string is of an invalid size.",0
	   6E 70 75 74 74
	   65 64 20 73 74
	   72 69 6E 67 20
	   69 73 20 6F 66
	   20 61 6E 20 69
	   6E 76 61 6C 69
	   64 20 73 69 7A
	   65 2E 00
 0000056A 54 68 65 20 63	correct_word BYTE "The correct word was: ",0
	   6F 72 72 65 63
	   74 20 77 6F 72
	   64 20 77 61 73
	   3A 20 00

 00000581 00000258		points DWORD 600      ; Initial number of potential points

				;--------------------------------------------------------
				; Messages displayed to the use once the program begins
				; taking input during gameplay.
				;--------------------------------------------------------
 00000585 49 6E 70 75 74	input_string BYTE "Input: ",0
	   3A 20 00
 0000058D 41 74 74 65 6D	attempt_string BYTE "Attempt: ",0
	   70 74 3A 20 00

				;--------------------------------------------------------
				; Variable that is used to store the user input from the 
				; ReadString function. Limit on the number of characters 
				; that can be read from the user by setting size to 5 plus 
				; the null pointer.
				;--------------------------------------------------------
 00000597  00000006 [		user_input BYTE 6 DUP(?)
	    00
	   ]

				;--------------------------------------------------------
				; String given by the user when the program begins, this 
				; is the string that will be used for comparisons from the 
				; user input
				;--------------------------------------------------------
 0000059D  00000006 [		true_string BYTE 6 DUP(?)
	    00
	   ]
 000005A3 49 6E 70 75 74	prompt_message BYTE "Input expected String (INPUT IS HIDDEN): ",0
	   20 65 78 70 65
	   63 74 65 64 20
	   53 74 72 69 6E
	   67 20 28 49 4E
	   50 55 54 20 49
	   53 20 48 49 44
	   44 45 4E 29 3A
	   20 00

 000005CD 01			index BYTE 1        ; Used for number of attempts

 00000000			.code
				;--------------------------------------------------------
				;                         Main PROC
				; Used as a driver for the program. Call all of the
				; necessary procedures for the program to execute 
				; properly. Calculates the number of attempts as well as
				; the number of points a user can receive.
				;--------------------------------------------------------
 00000000			main PROC
				 ; Call the procedures
 00000000  E8 000000F6		 call DisplayLoad
 00000005  E8 00000440		 call CollectString             ; Take string from user
 0000000A  E8 00000000 E	 call WaitMsg                
 0000000F  E8 00000000 E	 call Crlf
 00000014  E8 00000000 E	 call Crlf 

 00000019  A0 000005CD R	 mov al, index                  ; Initialize number of attempts
 0000001E  BF 00000006		 mov edi,6                      ; Loop decrement varialbe

				;--------------------------------------------------------
				; Driver loop that takes care of the number of attempts
				; of the user. Calculates the number of points the user
				; has earned as well as the number of attempts the user
				; has taken.
				;--------------------------------------------------------
 00000023			 L1:
 00000023  BA 0000058D R	  mov edx, OFFSET attempt_string
 00000028  E8 00000000 E	  call WriteString          
 0000002D  E8 00000000 E	  call WriteInt             ; Write the number of attempts
				                            ; to console
 00000032  E8 00000000 E	  call Crlf
 00000037  57			  push edi                  ; Save values to stack
 00000038  50			  push eax
 00000039  E8 000004A7		  call ProcessInput         ; Take input from user and process
				                            ; it accordingly

 0000003E  A1 00000581 R	  mov eax, points           ; Do point calculations based on
 00000043  83 E8 64		  sub eax, 100              ; number of attempts
 00000046  A3 00000581 R	  mov points, eax
 0000004B  BA 0000052C R	  mov edx, OFFSET current_points
 00000050  E8 00000000 E	  call WriteString          
 00000055  A1 00000581 R	  mov eax, points
 0000005A  E8 00000000 E	  call WriteInt             ; Print number of points to console
 0000005F  BA 00000517 R	  mov edx, OFFSET points_message
 00000064  E8 00000000 E	  call WriteString
 00000069  E8 00000000 E	  call Crlf
 0000006E  E8 00000000 E	  call Crlf
 00000073  58			  pop eax		            ; Remove value from the stack
 00000074  FE C0		  inc al
 00000076  A2 000005CD R	  mov index, al             ; Load the current index into variable
 0000007B  5F			  pop edi                   ; Remove value from the stack
 0000007C  4F			  dec edi                   ; Decrement loop counter
 0000007D  75 A4		  jnz L1

 0000007F  B8 0000000C		mov eax, (black*16) + lightRed
 00000084  E8 00000000 E	call SetTextColor           
 00000089  BA 0000049E R	mov edx, OFFSET fail
 0000008E  E8 00000000 E	call WriteString            ; Write faile message
 00000093  E8 00000000 E	call Crlf
 00000098  BA 0000050A R	mov edx, OFFSET score_message
 0000009D  E8 00000000 E	call WriteString            
 000000A2  B0 00		mov al, 0
 000000A4  E8 00000000 E	call WriteInt
 000000A9  BA 00000517 R	mov edx, OFFSET points_message
 000000AE  E8 00000000 E	call WriteString            ; Write number of points
				                            ; to the console
 000000B3  E8 00000000 E	call Crlf
 000000B8  E8 00000000 E	call Crlf
 000000BD  B8 0000000F		mov eax, (black*16) + white
 000000C2  E8 00000000 E	call SetTextColor
 000000C7  BA 0000056A R	mov edx, OFFSET correct_word
 000000CC  E8 00000000 E	call WriteString
 000000D1  B8 0000000A		mov eax, (black*16) + lightGreen
 000000D6  E8 00000000 E	call SetTextColor
 000000DB  BA 0000059D R	mov edx, OFFSET true_string
 000000E0  E8 00000000 E	call WriteString
 000000E5  B8 0000001F		mov eax, (black+16) + white
 000000EA  E8 00000000 E	call SetTextColor
 000000EF  E8 00000000 E	call Crlf
				INVOKE ExitProcess,0       ; Once done, exit the program
 000000F4  6A 00	   *	    push   +000000000h
 000000F6  E8 00000000 E   *	    call   ExitProcess
 000000FB			main ENDP

 000000FB			DisplayLoad PROC
 000000FB  B8 0000000D		 mov eax, (black*16) + lightMagenta
 00000100  E8 00000000 E	 call SetTextColor
 00000105  B2 19		 mov dl,25					; Change the position of the 
				                            ; text written to the console
 00000107  B6 00		 mov dh,0
 00000109  E8 00000000 E	 call GotoXY		
 0000010E  BA 00000000 R	 mov edx, OFFSET intro
 00000113  E8 00000000 E	 call WriteString			; Write the intro message
 00000118  E8 00000000 E	 call Crlf
 0000011D  E8 00000000 E	 call Crlf
 00000122  B8 0000000A		 mov eax, (black*16) + lightGreen
 00000127  E8 00000000 E	 call SetTextColor
 0000012C  BA 00000269 R	 mov edx, OFFSET options
 00000131  E8 00000000 E	 call WriteString
 00000136  B8 0000000F		 mov eax, (black*16) + white
 0000013B  E8 00000000 E	 call SetTextColor
 00000140  E8 00000000 E	 call Crlf
 00000145  E8 00000000 E	 call Crlf
 0000014A  B8 0000000E		 mov eax, (black*16) + yellow
 0000014F  E8 00000000 E	 call SetTextColor
 00000154  BA 00000283 R	 mov edx, OFFSET option1
 00000159  E8 00000000 E	 call WriteString
 0000015E  E8 00000000 E	 call Crlf
 00000163  BA 0000028E R	 mov edx, OFFSET option2
 00000168  E8 00000000 E	 call WriteString
 0000016D  E8 00000000 E	 call Crlf
 00000172  BA 000002A0 R	 mov edx, OFFSET option3
 00000177  E8 00000000 E	 call WriteString
 0000017C  E8 00000000 E	 call Crlf
 00000181  BA 000002B7 R	 mov edx, OFFSET option4
 00000186  E8 00000000 E	 call WriteString
 0000018B  E8 00000000 E	 call Crlf
 00000190  E8 00000000 E	 call Crlf
 00000195  B8 0000000F		 mov eax, (black*16) + white
 0000019A  E8 00000000 E	 call SetTextColor
 0000019F  BA 000002C6 R	 mov edx, OFFSET inputOptionPrompt
 000001A4  E8 00000000 E	 call WriteString
 000001A9  BA 00000491 R	 mov edx, OFFSET inputOption
 000001AE  B9 00000002		 mov ecx, (lengthof inputOption)
 000001B3  B8 0000000A		 mov eax, (black*16) + lightGreen
 000001B8  E8 00000000 E	 call SetTextColor
 000001BD  E8 00000000 E	 call ReadString
 000001C2  B8 0000000F		 mov eax, (black*16) + white
 000001C7  E8 00000000 E	 call SetTextColor

 000001CC  A0 00000491 R	 mov al, [inputOption]
 000001D1  3A 05 00000261 R	 cmp al, [opt1]
 000001D7  74 26		 je First
 000001D9  3A 05 00000263 R	 cmp al, opt2
 000001DF  74 37		 je Second
 000001E1  3A 05 00000265 R	 cmp al, opt3
 000001E7  0F 84 000000A3	 je Third
 000001ED  3A 05 00000267 R	 cmp al, opt4
 000001F3  0F 84 0000011B	 je Fourth
 000001F9  0F 85 00000117	 jne Invalid
				 
 000001FF			 First:
 000001FF  E8 00000000 E	  call ClrScr
 00000204  E8 00000142		  call DisplayRules
 00000209  E8 00000000 E	  call WaitMsg
 0000020E  E8 00000000 E	  call ClrScr
 00000213  E9 0000012D		  jmp Home

 00000218			 Second:
 00000218  E8 00000000 E	  call ClrScr
 0000021D  B8 0000000A		  mov eax, (black*16) + lightGreen
 00000222  E8 00000000 E	  call SetTextColor
 00000227  BA 000002F5 R	  mov edx, OFFSET helpful
 0000022C  E8 00000000 E	  call WriteString
 00000231  B8 0000000E		  mov eax, (black*16) + yellow
 00000236  E8 00000000 E	  call SetTextColor
 0000023B  E8 00000000 E	  call Crlf
 00000240  E8 00000000 E	  call Crlf
 00000245  BA 00000312 R	  mov edx, OFFSET helpful1  
 0000024A  E8 00000000 E	  call WriteString
 0000024F  E8 00000000 E	  call Crlf
 00000254  BA 00000321 R	  mov edx, OFFSET helpful2
 00000259  E8 00000000 E	  call WriteString
 0000025E  E8 00000000 E	  call Crlf
 00000263  BA 00000337 R	  mov edx, OFFSET helpful3
 00000268  E8 00000000 E	  call WriteString
 0000026D  E8 00000000 E	  call Crlf
 00000272  E8 00000000 E	  call Crlf
 00000277  B8 0000000F		  mov eax, (black*16) + white
 0000027C  E8 00000000 E	  call SetTextColor
 00000281  E8 00000000 E	  call WaitMsg
 00000286  E8 00000000 E	  call ClrScr
 0000028B  E9 000000B5		  jmp Home
				 
 00000290			 Third:
 00000290  E8 00000000 E	  call ClrScr
 00000295  B8 0000000A		  mov eax, (black*16) + lightGreen
 0000029A  E8 00000000 E	  call SetTextColor
 0000029F  BA 0000035D R	  mov edx, OFFSET scoring
 000002A4  E8 00000000 E	  call WriteString
 000002A9  B8 0000000E		  mov eax, (black*16) + yellow
 000002AE  E8 00000000 E	  call SetTextColor
 000002B3  E8 00000000 E	  call Crlf
 000002B8  E8 00000000 E	  call Crlf
 000002BD  BA 0000037C R	  mov edx, OFFSET scoring1
 000002C2  E8 00000000 E	  call WriteString
 000002C7  E8 00000000 E	  call Crlf
 000002CC  BA 000003AF R	  mov edx, OFFSET scoring2
 000002D1  E8 00000000 E	  call WriteString
 000002D6  E8 00000000 E	  call Crlf
 000002DB  BA 000003E6 R	  mov edx, OFFSET scoring3
 000002E0  E8 00000000 E	  call WriteString
 000002E5  E8 00000000 E	  call Crlf
 000002EA  BA 0000041C R	  mov edx, OFFSET scoring4
 000002EF  E8 00000000 E	  call WriteString
 000002F4  E8 00000000 E	  call Crlf
 000002F9  E8 00000000 E	  call Crlf
 000002FE  B8 0000000F		  mov eax, (black*16) + white
 00000303  E8 00000000 E	  call SetTextColor
 00000308  E8 00000000 E	  call WaitMsg
 0000030D  E8 00000000 E	  call ClrScr
 00000312  EB 31		  jmp Home

 00000314			 Fourth:
 00000314  EB 34		  jmp Escape

 00000316			 Invalid:
 00000316  B8 0000000C		  mov eax, (black*16) + lightRed
 0000031B  E8 00000000 E	  call SetTextColor
 00000320  E8 00000000 E	  call Crlf
 00000325  BA 00000445 R	  mov edx, OFFSET invalidInput
 0000032A  E8 00000000 E	  call WriteString
 0000032F  B8 0000000F		  mov eax, (black*16) + white
 00000334  E8 00000000 E	  call SetTextColor
 00000339  E8 00000000 E	  call Crlf
				  INVOKE ExitProcess,0
 0000033E  6A 00	   *	    push   +000000000h
 00000340  E8 00000000 E   *	    call   ExitProcess

 00000345			 Home:
 00000345  E8 FFFFFDB1		  call DisplayLoad
				    
 0000034A			 Escape:
 0000034A  C3			  ret 
 0000034B			DisplayLoad ENDP

				;--------------------------------------------------------
				;					DisplayRules PROC
				; Output the various rules of the program to the console
				; before it prompts the user for input.
				;--------------------------------------------------------
 0000034B			DisplayRules PROC
 0000034B  B8 0000000A		 mov eax, (black*16) + lightGreen
 00000350  E8 00000000 E	 call SetTextColor
 00000355  BA 00000035 R	 mov edx, OFFSET green_message
 0000035A  E8 00000000 E	 call WriteString
 0000035F  E8 00000000 E	 call Crlf
 00000364  E8 00000000 E	 call Crlf
 00000369  B8 0000000E		 mov eax, (black*16) + yellow
 0000036E  E8 00000000 E	 call SetTextColor
 00000373  BA 0000006A R	 mov edx, OFFSET yellow_message
 00000378  E8 00000000 E	 call WriteString
 0000037D  E8 00000000 E	 call Crlf
 00000382  E8 00000000 E	 call Crlf
 00000387  B8 0000000C		 mov eax, (black*16) + lightRed
 0000038C  E8 00000000 E	 call SetTextColor
 00000391  BA 000000A2 R	 mov edx, OFFSET red_message
 00000396  E8 00000000 E	 call WriteString
 0000039B  E8 00000000 E	 call Crlf
 000003A0  E8 00000000 E	 call Crlf
 000003A5  B8 00000003		 mov eax, (black*16) + cyan
 000003AA  E8 00000000 E	 call SetTextColor
 000003AF  BA 000000D1 R	 mov edx, OFFSET rule1		
 000003B4  E8 00000000 E	 call WriteString
 000003B9  E8 00000000 E	 call Crlf
 000003BE  BA 00000114 R	 mov edx, OFFSET rule2		
 000003C3  E8 00000000 E	 call WriteString
 000003C8  E8 00000000 E	 call Crlf
 000003CD  BA 0000014A R	 mov edx, OFFSET rule3
 000003D2  E8 00000000 E	 call WriteString
 000003D7  E8 00000000 E	 call Crlf
 000003DC  BA 00000175 R	 mov edx, OFFSET rule4		
 000003E1  E8 00000000 E	 call WriteString
 000003E6  E8 00000000 E	 call Crlf
 000003EB  BA 000001C3 R	 mov edx, OFFSET rule5		
 000003F0  E8 00000000 E	 call WriteString
 000003F5  E8 00000000 E	 call Crlf
 000003FA  BA 00000201 R	 mov edx, OFFSET rule6
 000003FF  E8 00000000 E	 call WriteString
 00000404  E8 00000000 E	 call Crlf
 00000409  BA 00000234 R	 mov edx, OFFSET rule7		
 0000040E  E8 00000000 E	 call WriteString
 00000413  E8 00000000 E	 call Crlf
 00000418  B2 1D		 mov dl,29
 0000041A  B6 0E		 mov dh,14
 0000041C  E8 00000000 E	 call GoToXY                ; Change position
 00000421  B8 0000000D		 mov eax, (black*16) + lightMagenta
 00000426  E8 00000000 E	 call SetTextColor
 0000042B  BA 00000493 R	 mov edx, OFFSET luck		; Output final message
 00000430  E8 00000000 E	 call WriteString
 00000435  E8 00000000 E	 call Crlf
 0000043A  E8 00000000 E	 call Crlf
 0000043F  B8 0000000F		 mov eax, (black*16) + white
 00000444  E8 00000000 E	 call SetTextColor          ; Revert color back
 00000449  C3			 ret
 0000044A			DisplayRules ENDP


				;--------------------------------------------------------
				;				    CollectString PROC
				; Procedure that takes input for the value of the string
				; that the comparisons will be paried against.
				;--------------------------------------------------------
 0000044A			CollectString PROC
 0000044A  BA 000005A3 R	 mov edx, OFFSET prompt_message
 0000044F  E8 00000000 E	 call WriteString			; Output message		 
 00000454  B8 00000000		 mov eax, (black*16) + black
 00000459  E8 00000000 E	 call SetTextColor			; Hide input from user
 0000045E  BA 0000059D R	 mov edx, OFFSET true_string
 00000463  B9 00000006		 mov ecx, (LENGTHOF true_string)
 00000468  E8 00000000 E	 call ReadString            ; Read input
				 ToUpper edx                ; Call toUpper macro
 0000046D  8B F2	     1	 mov esi, edx                  ; Move string to reg
 0000046F  B9 00000005	     1	 mov ecx, 5                     ; Counter for loop
 00000474		     1	 StandardizeCase:
 00000474  8A 06	     1	  mov al, [esi]
 00000476  3C 00	     1	  cmp al, 0                     ; Do comparison
 00000478  74 0E	     1	  je OutLoop                    
 0000047A  3C 61	     1	  cmp al, 'a'
 0000047C  72 07	     1	  jb NextLetter                 ; Jump
 0000047E  3C 7A	     1	  cmp al, 'z'
 00000480  77 03	     1	  ja NextLetter                 ; Jump
 00000482  80 26 DF	     1	  and BYTE PTR [esi], 11011111b
 00000485		     1	 NextLetter:                    ; Move to next letter
 00000485  46		     1	  inc esi                       ; in string
 00000486  EB EC	     1	  jmp StandardizeCase
 00000488		     1	 OutLoop:                  
 00000488  B9 00000000	     1	  mov ecx, 0
 0000048D  B8 0000000F		 mov eax, (black*16) + white
 00000492  E8 00000000 E	 call SetTextColor			; Revert text color to white
 00000497  BF 0000059D R	 mov edi, OFFSET [true_string]
 0000049C  B9 00000005		 mov ecx, LENGTHOF true_string - 1
 000004A1  E8 00000006		 call IsValid		        ; Check if input length is valid
 000004A6  E8 00000000 E	 call Crlf
 000004AB  C3			 ret                        ; Return back to callee proc
 000004AC			CollectString ENDP


				;--------------------------------------------------------
				;                   IsValid PROC
				; Check validity of the inputted strings. If strings are
				; determined to be invalid. Exit the program. The user
				; must ensure that the length of the string meets the 
				; requirements.
				;--------------------------------------------------------
 000004AC			IsValid PROC
 000004AC  B0 00		 mov al, 0h                 ; Move null character to register
 000004AE  FC			 cld
 000004AF  F2/ AE		 repne scasb                ; Search string for null
 000004B1  75 31		 jnz Return                 ; If not found
 000004B3  74 00		 jz NotValid                ; If found
				 
 000004B5			 NotValid:
 000004B5  E8 00000000 E	  call Crlf
 000004BA  B8 0000000C		  mov eax,(black*16) + lightRed  
 000004BF  E8 00000000 E	  call SetTextColor         ; Change text to red
 000004C4  BA 0000053F R	  mov edx, OFFSET not_valid 
 000004C9  E8 00000000 E	  call WriteString          ; Write invalid message
 000004CE  B8 0000000F		  mov eax,(black*16) + white
 000004D3  E8 00000000 E	  call SetTextColor         ; Rever color
 000004D8  E8 00000000 E	  call Crlf
				  INVOKE ExitProcess,0      ; Exit the program
 000004DD  6A 00	   *	    push   +000000000h
 000004DF  E8 00000000 E   *	    call   ExitProcess
				   
 000004E4			 Return:
 000004E4  C3			  ret                       ; Return to callee
 000004E5			IsValid ENDP
				 

				;--------------------------------------------------------
				;					ProcessInput PROC
				; Procedure takes input from the user and compares it to
				; a selected word from the list provided to check for
				; the correctness of the users inputted value.
				;--------------------------------------------------------
 000004E5			ProcessInput PROC
 000004E5  BA 00000585 R	 mov edx, OFFSET input_string       
 000004EA  E8 00000000 E	 call WriteString           ; Output input header

 000004EF  BA 00000597 R	 mov edx, OFFSET user_input         
 000004F4  B9 00000006		 mov ecx, (LENGTHOF user_input) 
 000004F9  E8 00000000 E	 call ReadString            ; Take user input
				 
				 ToUpper edx                ; Call toUpper macro
 000004FE  8B F2	     1	 mov esi, edx                  ; Move string to reg
 00000500  B9 00000005	     1	 mov ecx, 5                     ; Counter for loop
 00000505		     1	 StandardizeCase:
 00000505  8A 06	     1	  mov al, [esi]
 00000507  3C 00	     1	  cmp al, 0                     ; Do comparison
 00000509  74 0E	     1	  je OutLoop                    
 0000050B  3C 61	     1	  cmp al, 'a'
 0000050D  72 07	     1	  jb NextLetter                 ; Jump
 0000050F  3C 7A	     1	  cmp al, 'z'
 00000511  77 03	     1	  ja NextLetter                 ; Jump
 00000513  80 26 DF	     1	  and BYTE PTR [esi], 11011111b
 00000516		     1	 NextLetter:                    ; Move to next letter
 00000516  46		     1	  inc esi                       ; in string
 00000517  EB EC	     1	  jmp StandardizeCase
 00000519		     1	 OutLoop:                  
 00000519  B9 00000000	     1	  mov ecx, 0

 0000051E  BF 00000597 R	 mov edi, OFFSET [user_input]
 00000523  B9 00000005		 mov ecx, LENGTHOF user_input - 1 
 00000528  E8 FFFFFF7F		 call IsValid               ; Check to see if input is
				                            ; valid

 0000052D  BA 0000058D R	 mov edx, OFFSET attempt_string     
 00000532  E8 00000000 E	 call WriteString           ; Output attempt header
				 
				 ; Initialize register values with input from the users
 00000537  BF 0000059D R	 mov edi, OFFSET [true_string]      
 0000053C  BE 00000597 R	 mov esi, OFFSET [user_input]
				 
 00000541  B9 00000006		 mov ecx, LENGTHOF true_string
 00000546  F3/ A6		 repe cmpsb                 ; Check to see if strings match 
 00000548  83 F9 00		 cmp ecx, 0
 0000054B  74 06		 je CompleteEqual           ; If equal output to user and 
				                            ; terminate program
 0000054D  0F 85 00000090	 jne NotEqual               ; If not jump to NotEqual


				;--------------------------------------------------------
				; If compare function jumps, the strings are exact
				; matches. In this case, output the number of points to
				; the user and congratulate. Once, completed. Terminate
				; the program.
				;--------------------------------------------------------
 00000553			 CompleteEqual:            
 00000553  B8 0000000A		  mov eax,(black*16) + lightGreen 
 00000558  E8 00000000 E	  call SetTextColor         ; Change text color to light green
 0000055D  BA 00000597 R	  mov edx, OFFSET user_input
 00000562  E8 00000000 E	  call WriteString          ; Print user inputted value
 00000567  E8 00000000 E	  call Crlf
 0000056C  E8 00000000 E	  call Crlf

 00000571  A1 00000581 R	  mov eax, points
				  
 00000576  3D 00000258		  cmp eax, 600              ; Determine output based on 
 0000057B  74 09		  je Impossible             ; number of points acquired
 0000057D  3D 0000012C		  cmp eax, 300
 00000582  73 0E		  jae Good
 00000584  72 18		  jb Ok
				  
 00000586			  Impossible:               ; If guessed correctly first try
 00000586  BA 000004B5 R	   mov edx, OFFSET attempt1
 0000058B  E8 00000000 E	   call WriteString         ; Write string
 00000590  EB 18		   jmp Break               
				  
 00000592			  Good:                     ; If gotten within four tries
 00000592  BA 000004D0 R	   mov edx, OFFSET pass
 00000597  E8 00000000 E	   call WriteString         ; Write string
 0000059C  EB 0C		   jmp Break
				  
 0000059E			  Ok:                       ; If gotten in 5 or 6 tries
 0000059E  BA 000004EA R	   mov edx, OFFSET ok_message
 000005A3  E8 00000000 E	   call WriteString         ; Write string
 000005A8  EB 00		   jmp Break
				  
 000005AA			  Break:                    ; Output messages to user, terminate
 000005AA  B8 0000000F		   mov eax, (black*16) + white
 000005AF  E8 00000000 E	   call SetTextColor        ; Revert textcolor
 000005B4  E8 00000000 E	   call Crlf
 000005B9  BA 0000050A R	   mov edx, OFFSET score_message
 000005BE  E8 00000000 E	   call WriteString         ; Output leading score message
 000005C3  A1 00000581 R	   mov eax, points          
 000005C8  E8 00000000 E	   call WriteInt            ; Output number of points
 000005CD  BA 00000517 R	   mov edx, OFFSET points_message
 000005D2  E8 00000000 E	   call WriteString         ; Follow by the unit (Points)
 000005D7  E8 00000000 E	   call Crlf
				   INVOKE ExitProcess,0     ; Terminate the program
 000005DC  6A 00	   *	    push   +000000000h
 000005DE  E8 00000000 E   *	    call   ExitProcess

				;--------------------------------------------------------
				; If the input did not match the correct string. Iterate 
				; through the two strings and determine the color of the
				; character to output to the console.Once completed return 
				; to main and continue iterating through the program until
				; either, the correct string is inputted or the number of 
				; tries has run out.
				;--------------------------------------------------------

 000005E3			 NotEqual:                  ; If complete equality was not acheived
 000005E3  BF 00000597 R	  mov edi, OFFSET [user_input]       ; Reinitialize registers
 000005E8  BE 0000059D R	  mov esi, OFFSET [true_string]
 000005ED  B1 01		  mov cl, 1                 ; Initialize counter register
 000005EF			  outer:                    ; Iterate through characters in string
 000005EF  8A 07		   mov al, [edi]            ; Byte comparison for strings
 000005F1  8A 16		   mov dl, [esi]
 000005F3  3A C2		   cmp al, dl               ; Check for equality
 000005F5  74 02		   je DirectMatch           ; If character match
 000005F7  75 1D		   jne PotentialMatch       ; Else

 000005F9			   DirectMatch:             ; Given that the characters match
 000005F9  B8 0000000A		    mov eax,(black*16) + lightGreen
 000005FE  E8 00000000 E	    call SetTextColor       ; Change text color
 00000603  8A 07		    mov al, [edi]
 00000605  E8 00000000 E	    call WriteChar          ; Output character
 0000060A  B8 0000000F		    mov eax,(black*16) + white
 0000060F  E8 00000000 E	    call SetTextColor       ; Revert text color
 00000614  EB 55		    jmp Escape              ; Jump to Escape

 00000616			   PotentialMatch:          ; Check to see if instance of character
 00000616  8A 07		    mov al, [edi]           ; exists within the user inputted string
 00000618  56			    push esi                
 00000619  57			    push edi                ; Store values on stack
 0000061A  51			    push ecx
 0000061B  BF 0000059D R	    mov edi, OFFSET [true_string]
 00000620  B9 00000006		    mov ecx, LENGTHOF true_string 
 00000625  FC			    cld
 00000626  F2/ AE		    repne scasb             ; Check for instance of inputted character
 00000628  59			    pop ecx                 ; in given string
 00000629  5F			    pop edi
 0000062A  5E			    pop esi                 ; Pop all of the values from the stack
 0000062B  8A 07		    mov al, [edi]
 0000062D  75 1F		    jnz NotFound            ; If no instance of character
 0000062F  74 00		    jz Found                ; Else

 00000631			   Found:                   ; If character exists within the string
 00000631  B8 0000000E		    mov eax,(black*16) + yellow
 00000636  E8 00000000 E	    call SetTextColor       ; Change text color
 0000063B  8A 07		    mov al, [edi]
 0000063D  E8 00000000 E	    call WriteChar          ; Output character
 00000642  B8 0000000F		    mov eax,(black*16) + white
 00000647  E8 00000000 E	    call SetTextColor       ; Revert text color
 0000064C  EB 1D		    jmp Escape              ; Jump to escape

 0000064E			   NotFound:                ; If not instance of character is found
 0000064E  B8 0000000C		    mov eax,(black*16) + lightRed
 00000653  E8 00000000 E	    call SetTextColor       ; Change color of output
 00000658  8A 07		    mov al, [edi]       
 0000065A  E8 00000000 E	    call WriteChar          ; Write character to console
 0000065F  B8 0000000F		    mov eax,(black*16) + white
 00000664  E8 00000000 E	    call SetTextColor       ; Revert text color
 00000669  EB 00		    jmp Escape              ; Jump to escape

 0000066B			   Escape:                  ; Increment the loop until no longer
 0000066B  46			    inc esi                 ; valid. Check every characeter in
 0000066C  47			    inc edi                 ; string.
 0000066D  FE C1		    inc cl
 0000066F  80 F9 06		    cmp cl, 6
 00000672  0F 85 FFFFFF77	    jne outer

 00000678  E8 00000000 E	 call Crlf
 0000067D  E8 00000000 E	 call Crlf
 00000682  BA 0000051F R	 mov edx, OFFSET minus_points
 00000687  E8 00000000 E	 call WriteString           ; Out number of points lost
 0000068C  E8 00000000 E	 call Crlf
 00000691  C3			 ret                        ; Return to driver loop in main PROC
 00000692			ProcessInput ENDP
				END main

Microsoft (R) Macro Assembler Version 14.29.30147.0	    11/27/22 21:30:02
wordle.asm						     Symbols 2 - 1




Macros:

                N a m e                 Type

ToUpper  . . . . . . . . . . . .	Proc


Structures and Unions:

                N a m e                  Size
                                         Offset      Type

CONSOLE_CURSOR_INFO  . . . . . .	 00000008
  dwSize . . . . . . . . . . . .	 00000000	 DWord
  bVisible . . . . . . . . . . .	 00000004	 DWord
CONSOLE_SCREEN_BUFFER_INFO . . .	 00000016
  dwSize . . . . . . . . . . . .	 00000000	 DWord
  dwCursorPosition . . . . . . .	 00000004	 DWord
  wAttributes  . . . . . . . . .	 00000008	 Word
  srWindow . . . . . . . . . . .	 0000000A	 QWord
  dwMaximumWindowSize  . . . . .	 00000012	 DWord
COORD  . . . . . . . . . . . . .	 00000004
  X  . . . . . . . . . . . . . .	 00000000	 Word
  Y  . . . . . . . . . . . . . .	 00000002	 Word
FILETIME . . . . . . . . . . . .	 00000008
  loDateTime . . . . . . . . . .	 00000000	 DWord
  hiDateTime . . . . . . . . . .	 00000004	 DWord
FOCUS_EVENT_RECORD . . . . . . .	 00000004
  bSetFocus  . . . . . . . . . .	 00000000	 DWord
FPU_ENVIRON  . . . . . . . . . .	 0000001C
  controlWord  . . . . . . . . .	 00000000	 Word
  statusWord . . . . . . . . . .	 00000004	 Word
  tagWord  . . . . . . . . . . .	 00000008	 Word
  instrPointerOffset . . . . . .	 0000000C	 DWord
  instrPointerSelector . . . . .	 00000010	 DWord
  operandPointerOffset . . . . .	 00000014	 DWord
  operandPointerSelector . . . .	 00000018	 Word
INPUT_RECORD . . . . . . . . . .	 00000014
  EventType  . . . . . . . . . .	 00000000	 Word
  Event  . . . . . . . . . . . .	 00000004	 XmmWord
  bKeyDown . . . . . . . . . . .	 00000000	 DWord
  wRepeatCount . . . . . . . . .	 00000004	 Word
  wVirtualKeyCode  . . . . . . .	 00000006	 Word
  wVirtualScanCode . . . . . . .	 00000008	 Word
  uChar  . . . . . . . . . . . .	 0000000A	 Word
  UnicodeChar  . . . . . . . . .	 00000000	 Word
  AsciiChar  . . . . . . . . . .	 00000000	 Byte
  dwControlKeyState  . . . . . .	 0000000C	 DWord
  dwMousePosition  . . . . . . .	 00000000	 DWord
  dwButtonState  . . . . . . . .	 00000004	 DWord
  dwMouseControlKeyState . . . .	 00000008	 DWord
  dwEventFlags . . . . . . . . .	 0000000C	 DWord
  dwSize . . . . . . . . . . . .	 00000000	 DWord
  dwCommandId  . . . . . . . . .	 00000000	 DWord
  bSetFocus  . . . . . . . . . .	 00000000	 DWord
KEY_EVENT_RECORD . . . . . . . .	 00000010
  bKeyDown . . . . . . . . . . .	 00000000	 DWord
  wRepeatCount . . . . . . . . .	 00000004	 Word
  wVirtualKeyCode  . . . . . . .	 00000006	 Word
  wVirtualScanCode . . . . . . .	 00000008	 Word
  uChar  . . . . . . . . . . . .	 0000000A	 Word
  UnicodeChar  . . . . . . . . .	 00000000	 Word
  AsciiChar  . . . . . . . . . .	 00000000	 Byte
  dwControlKeyState  . . . . . .	 0000000C	 DWord
MENU_EVENT_RECORD  . . . . . . .	 00000004
  dwCommandId  . . . . . . . . .	 00000000	 DWord
MOUSE_EVENT_RECORD . . . . . . .	 00000010
  dwMousePosition  . . . . . . .	 00000000	 DWord
  dwButtonState  . . . . . . . .	 00000004	 DWord
  dwMouseControlKeyState . . . .	 00000008	 DWord
  dwEventFlags . . . . . . . . .	 0000000C	 DWord
SMALL_RECT . . . . . . . . . . .	 00000008
  Left . . . . . . . . . . . . .	 00000000	 Word
  Top  . . . . . . . . . . . . .	 00000002	 Word
  Right  . . . . . . . . . . . .	 00000004	 Word
  Bottom . . . . . . . . . . . .	 00000006	 Word
SYSTEMTIME . . . . . . . . . . .	 00000010
  wYear  . . . . . . . . . . . .	 00000000	 Word
  wMonth . . . . . . . . . . . .	 00000002	 Word
  wDayOfWeek . . . . . . . . . .	 00000004	 Word
  wDay . . . . . . . . . . . . .	 00000006	 Word
  wHour  . . . . . . . . . . . .	 00000008	 Word
  wMinute  . . . . . . . . . . .	 0000000A	 Word
  wSecond  . . . . . . . . . . .	 0000000C	 Word
  wMilliseconds  . . . . . . . .	 0000000E	 Word
WINDOW_BUFFER_SIZE_RECORD  . . .	 00000004
  dwSize . . . . . . . . . . . .	 00000000	 DWord


Segments and Groups:

                N a m e                 Size     Length   Align   Combine Class

FLAT . . . . . . . . . . . . . .	GROUP
STACK  . . . . . . . . . . . . .	32 Bit	 00001000 Para	  Stack	  'STACK'	 
_DATA  . . . . . . . . . . . . .	32 Bit	 000005CE Para	  Public  'DATA'	
_TEXT  . . . . . . . . . . . . .	32 Bit	 00000692 Para	  Public  'CODE'	


Procedures, parameters, and locals:

                N a m e                 Type     Value    Attr

CloseFile  . . . . . . . . . . .	P Near	 00000000 FLAT	Length= 00000000 External STDCALL
CloseHandle  . . . . . . . . . .	P Near	 00000000 FLAT	Length= 00000000 External STDCALL
Clrscr . . . . . . . . . . . . .	P Near	 00000000 FLAT	Length= 00000000 External STDCALL
CollectString  . . . . . . . . .	P Near	 0000044A _TEXT	Length= 00000062 Public STDCALL
  StandardizeCase  . . . . . . .	L Near	 00000474 _TEXT	
  NextLetter . . . . . . . . . .	L Near	 00000485 _TEXT	
  OutLoop  . . . . . . . . . . .	L Near	 00000488 _TEXT	
CreateFileA  . . . . . . . . . .	P Near	 00000000 FLAT	Length= 00000000 External STDCALL
CreateOutputFile . . . . . . . .	P Near	 00000000 FLAT	Length= 00000000 External STDCALL
Crlf . . . . . . . . . . . . . .	P Near	 00000000 FLAT	Length= 00000000 External STDCALL
Delay  . . . . . . . . . . . . .	P Near	 00000000 FLAT	Length= 00000000 External STDCALL
DisplayLoad  . . . . . . . . . .	P Near	 000000FB _TEXT	Length= 00000250 Public STDCALL
  First  . . . . . . . . . . . .	L Near	 000001FF _TEXT	
  Second . . . . . . . . . . . .	L Near	 00000218 _TEXT	
  Third  . . . . . . . . . . . .	L Near	 00000290 _TEXT	
  Fourth . . . . . . . . . . . .	L Near	 00000314 _TEXT	
  Invalid  . . . . . . . . . . .	L Near	 00000316 _TEXT	
  Home . . . . . . . . . . . . .	L Near	 00000345 _TEXT	
  Escape . . . . . . . . . . . .	L Near	 0000034A _TEXT	
DisplayRules . . . . . . . . . .	P Near	 0000034B _TEXT	Length= 000000FF Public STDCALL
DumpMem  . . . . . . . . . . . .	P Near	 00000000 FLAT	Length= 00000000 External STDCALL
DumpRegs . . . . . . . . . . . .	P Near	 00000000 FLAT	Length= 00000000 External STDCALL
ExitProcess  . . . . . . . . . .	P Near	 00000000 FLAT	Length= 00000000 External STDCALL
FileTimeToDosDateTime  . . . . .	P Near	 00000000 FLAT	Length= 00000000 External STDCALL
FileTimeToSystemTime . . . . . .	P Near	 00000000 FLAT	Length= 00000000 External STDCALL
FlushConsoleInputBuffer  . . . .	P Near	 00000000 FLAT	Length= 00000000 External STDCALL
FormatMessageA . . . . . . . . .	P Near	 00000000 FLAT	Length= 00000000 External STDCALL
GetCommandLineA  . . . . . . . .	P Near	 00000000 FLAT	Length= 00000000 External STDCALL
GetCommandTail . . . . . . . . .	P Near	 00000000 FLAT	Length= 00000000 External STDCALL
GetConsoleCP . . . . . . . . . .	P Near	 00000000 FLAT	Length= 00000000 External STDCALL
GetConsoleCursorInfo . . . . . .	P Near	 00000000 FLAT	Length= 00000000 External STDCALL
GetConsoleMode . . . . . . . . .	P Near	 00000000 FLAT	Length= 00000000 External STDCALL
GetConsoleScreenBufferInfo . . .	P Near	 00000000 FLAT	Length= 00000000 External STDCALL
GetDateTime  . . . . . . . . . .	P Near	 00000000 FLAT	Length= 00000000 External STDCALL
GetFileTime  . . . . . . . . . .	P Near	 00000000 FLAT	Length= 00000000 External STDCALL
GetKeyState  . . . . . . . . . .	P Near	 00000000 FLAT	Length= 00000000 External STDCALL
GetLastError . . . . . . . . . .	P Near	 00000000 FLAT	Length= 00000000 External STDCALL
GetLocalTime . . . . . . . . . .	P Near	 00000000 FLAT	Length= 00000000 External STDCALL
GetMaxXY . . . . . . . . . . . .	P Near	 00000000 FLAT	Length= 00000000 External STDCALL
GetMseconds  . . . . . . . . . .	P Near	 00000000 FLAT	Length= 00000000 External STDCALL
GetNumberOfConsoleInputEvents  .	P Near	 00000000 FLAT	Length= 00000000 External STDCALL
GetProcessHeap . . . . . . . . .	P Near	 00000000 FLAT	Length= 00000000 External STDCALL
GetStdHandle . . . . . . . . . .	P Near	 00000000 FLAT	Length= 00000000 External STDCALL
GetSystemTime  . . . . . . . . .	P Near	 00000000 FLAT	Length= 00000000 External STDCALL
GetTextColor . . . . . . . . . .	P Near	 00000000 FLAT	Length= 00000000 External STDCALL
GetTickCount . . . . . . . . . .	P Near	 00000000 FLAT	Length= 00000000 External STDCALL
Gotoxy . . . . . . . . . . . . .	P Near	 00000000 FLAT	Length= 00000000 External STDCALL
HeapAlloc  . . . . . . . . . . .	P Near	 00000000 FLAT	Length= 00000000 External STDCALL
HeapCreate . . . . . . . . . . .	P Near	 00000000 FLAT	Length= 00000000 External STDCALL
HeapDestroy  . . . . . . . . . .	P Near	 00000000 FLAT	Length= 00000000 External STDCALL
HeapFree . . . . . . . . . . . .	P Near	 00000000 FLAT	Length= 00000000 External STDCALL
HeapSize . . . . . . . . . . . .	P Near	 00000000 FLAT	Length= 00000000 External STDCALL
IsDigit  . . . . . . . . . . . .	P Near	 00000000 FLAT	Length= 00000000 External STDCALL
IsValid  . . . . . . . . . . . .	P Near	 000004AC _TEXT	Length= 00000039 Public STDCALL
  NotValid . . . . . . . . . . .	L Near	 000004B5 _TEXT	
  Return . . . . . . . . . . . .	L Near	 000004E4 _TEXT	
LocalFree  . . . . . . . . . . .	P Near	 00000000 FLAT	Length= 00000000 External STDCALL
MessageBoxA  . . . . . . . . . .	P Near	 00000000 FLAT	Length= 00000000 External STDCALL
MsgBoxAsk  . . . . . . . . . . .	P Near	 00000000 FLAT	Length= 00000000 External STDCALL
MsgBox . . . . . . . . . . . . .	P Near	 00000000 FLAT	Length= 00000000 External STDCALL
OpenInputFile  . . . . . . . . .	P Near	 00000000 FLAT	Length= 00000000 External STDCALL
ParseDecimal32 . . . . . . . . .	P Near	 00000000 FLAT	Length= 00000000 External STDCALL
ParseInteger32 . . . . . . . . .	P Near	 00000000 FLAT	Length= 00000000 External STDCALL
PeekConsoleInputA  . . . . . . .	P Near	 00000000 FLAT	Length= 00000000 External STDCALL
ProcessInput . . . . . . . . . .	P Near	 000004E5 _TEXT	Length= 000001AD Public STDCALL
  StandardizeCase  . . . . . . .	L Near	 00000505 _TEXT	
  NextLetter . . . . . . . . . .	L Near	 00000516 _TEXT	
  OutLoop  . . . . . . . . . . .	L Near	 00000519 _TEXT	
  CompleteEqual  . . . . . . . .	L Near	 00000553 _TEXT	
  Impossible . . . . . . . . . .	L Near	 00000586 _TEXT	
  Good . . . . . . . . . . . . .	L Near	 00000592 _TEXT	
  Ok . . . . . . . . . . . . . .	L Near	 0000059E _TEXT	
  Break  . . . . . . . . . . . .	L Near	 000005AA _TEXT	
  NotEqual . . . . . . . . . . .	L Near	 000005E3 _TEXT	
  outer  . . . . . . . . . . . .	L Near	 000005EF _TEXT	
  DirectMatch  . . . . . . . . .	L Near	 000005F9 _TEXT	
  PotentialMatch . . . . . . . .	L Near	 00000616 _TEXT	
  Found  . . . . . . . . . . . .	L Near	 00000631 _TEXT	
  NotFound . . . . . . . . . . .	L Near	 0000064E _TEXT	
  Escape . . . . . . . . . . . .	L Near	 0000066B _TEXT	
Random32 . . . . . . . . . . . .	P Near	 00000000 FLAT	Length= 00000000 External STDCALL
RandomRange  . . . . . . . . . .	P Near	 00000000 FLAT	Length= 00000000 External STDCALL
Randomize  . . . . . . . . . . .	P Near	 00000000 FLAT	Length= 00000000 External STDCALL
ReadChar . . . . . . . . . . . .	P Near	 00000000 FLAT	Length= 00000000 External STDCALL
ReadConsoleA . . . . . . . . . .	P Near	 00000000 FLAT	Length= 00000000 External STDCALL
ReadConsoleInputA  . . . . . . .	P Near	 00000000 FLAT	Length= 00000000 External STDCALL
ReadDec  . . . . . . . . . . . .	P Near	 00000000 FLAT	Length= 00000000 External STDCALL
ReadFile . . . . . . . . . . . .	P Near	 00000000 FLAT	Length= 00000000 External STDCALL
ReadFloat  . . . . . . . . . . .	P Near	 00000000 FLAT	Length= 00000000 External STDCALL
ReadFromFile . . . . . . . . . .	P Near	 00000000 FLAT	Length= 00000000 External STDCALL
ReadHex  . . . . . . . . . . . .	P Near	 00000000 FLAT	Length= 00000000 External STDCALL
ReadInt  . . . . . . . . . . . .	P Near	 00000000 FLAT	Length= 00000000 External STDCALL
ReadKeyFlush . . . . . . . . . .	P Near	 00000000 FLAT	Length= 00000000 External STDCALL
ReadKey  . . . . . . . . . . . .	P Near	 00000000 FLAT	Length= 00000000 External STDCALL
ReadString . . . . . . . . . . .	P Near	 00000000 FLAT	Length= 00000000 External STDCALL
SetConsoleCursorInfo . . . . . .	P Near	 00000000 FLAT	Length= 00000000 External STDCALL
SetConsoleCursorPosition . . . .	P Near	 00000000 FLAT	Length= 00000000 External STDCALL
SetConsoleMode . . . . . . . . .	P Near	 00000000 FLAT	Length= 00000000 External STDCALL
SetConsoleScreenBufferSize . . .	P Near	 00000000 FLAT	Length= 00000000 External STDCALL
SetConsoleTextAttribute  . . . .	P Near	 00000000 FLAT	Length= 00000000 External STDCALL
SetConsoleTitleA . . . . . . . .	P Near	 00000000 FLAT	Length= 00000000 External STDCALL
SetConsoleWindowInfo . . . . . .	P Near	 00000000 FLAT	Length= 00000000 External STDCALL
SetFilePointer . . . . . . . . .	P Near	 00000000 FLAT	Length= 00000000 External STDCALL
SetLocalTime . . . . . . . . . .	P Near	 00000000 FLAT	Length= 00000000 External STDCALL
SetTextColor . . . . . . . . . .	P Near	 00000000 FLAT	Length= 00000000 External STDCALL
ShowFPUStack . . . . . . . . . .	P Near	 00000000 FLAT	Length= 00000000 External STDCALL
Sleep  . . . . . . . . . . . . .	P Near	 00000000 FLAT	Length= 00000000 External STDCALL
StrLength  . . . . . . . . . . .	P Near	 00000000 FLAT	Length= 00000000 External STDCALL
Str_compare  . . . . . . . . . .	P Near	 00000000 FLAT	Length= 00000000 External STDCALL
Str_copy . . . . . . . . . . . .	P Near	 00000000 FLAT	Length= 00000000 External STDCALL
Str_length . . . . . . . . . . .	P Near	 00000000 FLAT	Length= 00000000 External STDCALL
Str_trim . . . . . . . . . . . .	P Near	 00000000 FLAT	Length= 00000000 External STDCALL
Str_ucase  . . . . . . . . . . .	P Near	 00000000 FLAT	Length= 00000000 External STDCALL
SystemTimeToFileTime . . . . . .	P Near	 00000000 FLAT	Length= 00000000 External STDCALL
WaitMsg  . . . . . . . . . . . .	P Near	 00000000 FLAT	Length= 00000000 External STDCALL
WriteBinB  . . . . . . . . . . .	P Near	 00000000 FLAT	Length= 00000000 External STDCALL
WriteBin . . . . . . . . . . . .	P Near	 00000000 FLAT	Length= 00000000 External STDCALL
WriteChar  . . . . . . . . . . .	P Near	 00000000 FLAT	Length= 00000000 External STDCALL
WriteConsoleA  . . . . . . . . .	P Near	 00000000 FLAT	Length= 00000000 External STDCALL
WriteConsoleOutputAttribute  . .	P Near	 00000000 FLAT	Length= 00000000 External STDCALL
WriteConsoleOutputCharacterA . .	P Near	 00000000 FLAT	Length= 00000000 External STDCALL
WriteDec . . . . . . . . . . . .	P Near	 00000000 FLAT	Length= 00000000 External STDCALL
WriteFile  . . . . . . . . . . .	P Near	 00000000 FLAT	Length= 00000000 External STDCALL
WriteFloat . . . . . . . . . . .	P Near	 00000000 FLAT	Length= 00000000 External STDCALL
WriteHexB  . . . . . . . . . . .	P Near	 00000000 FLAT	Length= 00000000 External STDCALL
WriteHex . . . . . . . . . . . .	P Near	 00000000 FLAT	Length= 00000000 External STDCALL
WriteInt . . . . . . . . . . . .	P Near	 00000000 FLAT	Length= 00000000 External STDCALL
WriteStackFrameName  . . . . . .	P Near	 00000000 FLAT	Length= 00000000 External STDCALL
WriteStackFrame  . . . . . . . .	P Near	 00000000 FLAT	Length= 00000000 External STDCALL
WriteString  . . . . . . . . . .	P Near	 00000000 FLAT	Length= 00000000 External STDCALL
WriteToFile  . . . . . . . . . .	P Near	 00000000 FLAT	Length= 00000000 External STDCALL
WriteWindowsMsg  . . . . . . . .	P Near	 00000000 FLAT	Length= 00000000 External STDCALL
main . . . . . . . . . . . . . .	P Near	 00000000 _TEXT	Length= 000000FB Public STDCALL
  L1 . . . . . . . . . . . . . .	L Near	 00000023 _TEXT	
printf . . . . . . . . . . . . .	P Near	 00000000 FLAT	Length= 00000000 External C
scanf  . . . . . . . . . . . . .	P Near	 00000000 FLAT	Length= 00000000 External C
wsprintfA  . . . . . . . . . . .	P Near	 00000000 FLAT	Length= 00000000 External C


Symbols:

                N a m e                 Type     Value    Attr

@CodeSize  . . . . . . . . . . .	Number	 00000000h   
@DataSize  . . . . . . . . . . .	Number	 00000000h   
@Interface . . . . . . . . . . .	Number	 00000003h   
@Model . . . . . . . . . . . . .	Number	 00000007h   
@code  . . . . . . . . . . . . .	Text   	 _TEXT
@data  . . . . . . . . . . . . .	Text   	 FLAT
@fardata?  . . . . . . . . . . .	Text   	 FLAT
@fardata . . . . . . . . . . . .	Text   	 FLAT
@stack . . . . . . . . . . . . .	Text   	 FLAT
ALT_MASK . . . . . . . . . . . .	Number	 00000003h   
CAPSLOCK_ON  . . . . . . . . . .	Number	 00000080h   
CREATE_ALWAYS  . . . . . . . . .	Number	 00000002h   
CREATE_NEW . . . . . . . . . . .	Number	 00000001h   
CTRL_MASK  . . . . . . . . . . .	Number	 0000000Ch   
CreateFile . . . . . . . . . . .	Text   	 CreateFileA
DO_NOT_SHARE . . . . . . . . . .	Number	 00000000h   
ENABLE_ECHO_INPUT  . . . . . . .	Number	 00000004h   
ENABLE_LINE_INPUT  . . . . . . .	Number	 00000002h   
ENABLE_MOUSE_INPUT . . . . . . .	Number	 00000010h   
ENABLE_PROCESSED_INPUT . . . . .	Number	 00000001h   
ENABLE_PROCESSED_OUTPUT  . . . .	Number	 00000001h   
ENABLE_WINDOW_INPUT  . . . . . .	Number	 00000008h   
ENABLE_WRAP_AT_EOL_OUTPUT  . . .	Number	 00000002h   
ENHANCED_KEY . . . . . . . . . .	Number	 00000100h   
FALSE  . . . . . . . . . . . . .	Number	 00000000h   
FILE_APPEND_DATA . . . . . . . .	Number	 00000004h   
FILE_ATTRIBUTE_ARCHIVE . . . . .	Number	 00000020h   
FILE_ATTRIBUTE_COMPRESSED  . . .	Number	 00000800h   
FILE_ATTRIBUTE_DEVICE  . . . . .	Number	 00000040h   
FILE_ATTRIBUTE_DIRECTORY . . . .	Number	 00000010h   
FILE_ATTRIBUTE_ENCRYPTED . . . .	Number	 00004000h   
FILE_ATTRIBUTE_HIDDEN  . . . . .	Number	 00000002h   
FILE_ATTRIBUTE_NORMAL  . . . . .	Number	 00000080h   
FILE_ATTRIBUTE_NOT_CONTENT_INDEXED .	Number	 00002000h   
FILE_ATTRIBUTE_OFFLINE . . . . .	Number	 00001000h   
FILE_ATTRIBUTE_READONLY  . . . .	Number	 00000001h   
FILE_ATTRIBUTE_REPARSE_POINT . .	Number	 00000400h   
FILE_ATTRIBUTE_SPARSE_FILE . . .	Number	 00000200h   
FILE_ATTRIBUTE_SYSTEM  . . . . .	Number	 00000004h   
FILE_ATTRIBUTE_TEMPORARY . . . .	Number	 00000100h   
FILE_BEGIN . . . . . . . . . . .	Number	 00000000h   
FILE_CURRENT . . . . . . . . . .	Number	 00000001h   
FILE_DELETE_CHILD  . . . . . . .	Number	 00000040h   
FILE_END . . . . . . . . . . . .	Number	 00000002h   
FILE_READ_DATA . . . . . . . . .	Number	 00000001h   
FILE_SHARE_DELETE  . . . . . . .	Number	 00000004h   
FILE_SHARE_READ  . . . . . . . .	Number	 00000001h   
FILE_SHARE_WRITE . . . . . . . .	Number	 00000002h   
FILE_WRITE_DATA  . . . . . . . .	Number	 00000002h   
FOCUS_EVENT  . . . . . . . . . .	Number	 00000010h   
FORMAT_MESSAGE_ALLOCATE_BUFFER .	Number	 00000100h   
FORMAT_MESSAGE_FROM_SYSTEM . . .	Number	 00001000h   
FormatMessage  . . . . . . . . .	Text   	 FormatMessageA
GENERIC_ALL  . . . . . . . . . .	Number	 10000000h   
GENERIC_EXECUTE  . . . . . . . .	Number	 20000000h   
GENERIC_READ . . . . . . . . . .	Number	 -80000000h   
GENERIC_WRITE  . . . . . . . . .	Number	 40000000h   
GetCommandLine . . . . . . . . .	Text   	 GetCommandLineA
HANDLE . . . . . . . . . . . . .	Text   	 DWORD
HEAP_GENERATE_EXCEPTIONS . . . .	Number	 00000004h   
HEAP_GROWABLE  . . . . . . . . .	Number	 00000002h   
HEAP_NO_SERIALIZE  . . . . . . .	Number	 00000001h   
HEAP_REALLOC_IN_PLACE_ONLY . . .	Number	 00000010h   
HEAP_ZERO_MEMORY . . . . . . . .	Number	 00000008h   
IDABORT  . . . . . . . . . . . .	Number	 00000003h   
IDCANCEL . . . . . . . . . . . .	Number	 00000002h   
IDCLOSE  . . . . . . . . . . . .	Number	 00000008h   
IDCONTINUE . . . . . . . . . . .	Number	 0000000Bh   
IDHELP . . . . . . . . . . . . .	Number	 00000009h   
IDIGNORE . . . . . . . . . . . .	Number	 00000005h   
IDNO . . . . . . . . . . . . . .	Number	 00000007h   
IDOK . . . . . . . . . . . . . .	Number	 00000001h   
IDRETRY  . . . . . . . . . . . .	Number	 00000004h   
IDTIMEOUT  . . . . . . . . . . .	Number	 00007D00h   
IDTRYAGAIN . . . . . . . . . . .	Number	 0000000Ah   
IDYES  . . . . . . . . . . . . .	Number	 00000006h   
INVALID_HANDLE_VALUE . . . . . .	Number	 -00000001h   
KBDOWN_FLAG  . . . . . . . . . .	Number	 00000001h   
KEY_EVENT  . . . . . . . . . . .	Number	 00000001h   
KEY_MASKS  . . . . . . . . . . .	Number	 0000001Fh   
LEFT_ALT_PRESSED . . . . . . . .	Number	 00000002h   
LEFT_CTRL_PRESSED  . . . . . . .	Number	 00000008h   
MB_ABORTRETRYIGNORE  . . . . . .	Number	 00000002h   
MB_APPLMODAL . . . . . . . . . .	Number	 00000000h   
MB_CANCELTRYCONTINUE . . . . . .	Number	 00000006h   
MB_DEFBUTTON1  . . . . . . . . .	Number	 00000000h   
MB_DEFBUTTON2  . . . . . . . . .	Number	 00000100h   
MB_DEFBUTTON3  . . . . . . . . .	Number	 00000200h   
MB_DEFBUTTON4  . . . . . . . . .	Number	 00000300h   
MB_HELP  . . . . . . . . . . . .	Number	 00004000h   
MB_ICONASTERISK  . . . . . . . .	Number	 00000040h   
MB_ICONERROR . . . . . . . . . .	Number	 00000010h   
MB_ICONEXCLAMATION . . . . . . .	Number	 00000030h   
MB_ICONHAND  . . . . . . . . . .	Number	 00000010h   
MB_ICONINFORMATION . . . . . . .	Number	 00000040h   
MB_ICONQUESTION  . . . . . . . .	Number	 00000020h   
MB_ICONSTOP  . . . . . . . . . .	Number	 00000010h   
MB_ICONWARNING . . . . . . . . .	Number	 00000030h   
MB_OKCANCEL  . . . . . . . . . .	Number	 00000001h   
MB_OK  . . . . . . . . . . . . .	Number	 00000000h   
MB_RETRYCANCEL . . . . . . . . .	Number	 00000005h   
MB_SYSTEMMODAL . . . . . . . . .	Number	 00001000h   
MB_TASKMODAL . . . . . . . . . .	Number	 00002000h   
MB_USERICON  . . . . . . . . . .	Number	 00000080h   
MB_YESNOCANCEL . . . . . . . . .	Number	 00000003h   
MB_YESNO . . . . . . . . . . . .	Number	 00000004h   
MENU_EVENT . . . . . . . . . . .	Number	 00000008h   
MOUSE_EVENT  . . . . . . . . . .	Number	 00000002h   
MessageBox . . . . . . . . . . .	Text   	 MessageBoxA
NULL . . . . . . . . . . . . . .	Number	 00000000h   
NUMLOCK_ON . . . . . . . . . . .	Number	 00000020h   
OPEN_ALWAYS  . . . . . . . . . .	Number	 00000004h   
OPEN_EXISTING  . . . . . . . . .	Number	 00000003h   
PeekConsoleInput . . . . . . . .	Text   	 PeekConsoleInputA
RIGHT_ALT_PRESSED  . . . . . . .	Number	 00000001h   
RIGHT_CTRL_PRESSED . . . . . . .	Number	 00000004h   
ReadConsoleInput . . . . . . . .	Text   	 ReadConsoleInputA
ReadConsole  . . . . . . . . . .	Text   	 ReadConsoleA
SCROLLLOCK_ON  . . . . . . . . .	Number	 00000040h   
SHIFT_MASK . . . . . . . . . . .	Number	 00000010h   
SHIFT_PRESSED  . . . . . . . . .	Number	 00000010h   
STD_ERROR_HANDLE . . . . . . . .	Number	 -0000000Ch   
STD_INPUT_HANDLE . . . . . . . .	Number	 -0000000Ah   
STD_OUTPUT_HANDLE  . . . . . . .	Number	 -0000000Bh   
SetConsoleTitle  . . . . . . . .	Text   	 SetConsoleTitleA
TAB  . . . . . . . . . . . . . .	Number	 00000009h   
TRUE . . . . . . . . . . . . . .	Number	 00000001h   
TRUNCATE_EXISTING  . . . . . . .	Number	 00000005h   
VK_11  . . . . . . . . . . . . .	Number	 000000BDh   
VK_12  . . . . . . . . . . . . .	Number	 000000BBh   
VK_ADD . . . . . . . . . . . . .	Number	 0000006Bh   
VK_BACK  . . . . . . . . . . . .	Number	 00000008h   
VK_CANCEL  . . . . . . . . . . .	Number	 00000003h   
VK_CAPITAL . . . . . . . . . . .	Number	 00000014h   
VK_CLEAR . . . . . . . . . . . .	Number	 0000000Ch   
VK_CONTROL . . . . . . . . . . .	Number	 00000011h   
VK_DECIMAL . . . . . . . . . . .	Number	 0000006Eh   
VK_DELETE  . . . . . . . . . . .	Number	 0000002Eh   
VK_DIVIDE  . . . . . . . . . . .	Number	 0000006Fh   
VK_DOWN  . . . . . . . . . . . .	Number	 00000028h   
VK_END . . . . . . . . . . . . .	Number	 00000023h   
VK_ESCAPE  . . . . . . . . . . .	Number	 0000001Bh   
VK_EXECUTE . . . . . . . . . . .	Number	 0000002Bh   
VK_F10 . . . . . . . . . . . . .	Number	 00000079h   
VK_F11 . . . . . . . . . . . . .	Number	 0000007Ah   
VK_F12 . . . . . . . . . . . . .	Number	 0000007Bh   
VK_F13 . . . . . . . . . . . . .	Number	 0000007Ch   
VK_F14 . . . . . . . . . . . . .	Number	 0000007Dh   
VK_F15 . . . . . . . . . . . . .	Number	 0000007Eh   
VK_F16 . . . . . . . . . . . . .	Number	 0000007Fh   
VK_F17 . . . . . . . . . . . . .	Number	 00000080h   
VK_F18 . . . . . . . . . . . . .	Number	 00000081h   
VK_F19 . . . . . . . . . . . . .	Number	 00000082h   
VK_F1  . . . . . . . . . . . . .	Number	 00000070h   
VK_F20 . . . . . . . . . . . . .	Number	 00000083h   
VK_F21 . . . . . . . . . . . . .	Number	 00000084h   
VK_F22 . . . . . . . . . . . . .	Number	 00000085h   
VK_F23 . . . . . . . . . . . . .	Number	 00000086h   
VK_F24 . . . . . . . . . . . . .	Number	 00000087h   
VK_F2  . . . . . . . . . . . . .	Number	 00000071h   
VK_F3  . . . . . . . . . . . . .	Number	 00000072h   
VK_F4  . . . . . . . . . . . . .	Number	 00000073h   
VK_F5  . . . . . . . . . . . . .	Number	 00000074h   
VK_F6  . . . . . . . . . . . . .	Number	 00000075h   
VK_F7  . . . . . . . . . . . . .	Number	 00000076h   
VK_F8  . . . . . . . . . . . . .	Number	 00000077h   
VK_F9  . . . . . . . . . . . . .	Number	 00000078h   
VK_HELP  . . . . . . . . . . . .	Number	 0000002Fh   
VK_HOME  . . . . . . . . . . . .	Number	 00000024h   
VK_INSERT  . . . . . . . . . . .	Number	 0000002Dh   
VK_LBUTTON . . . . . . . . . . .	Number	 00000001h   
VK_LCONTROL  . . . . . . . . . .	Number	 000000A2h   
VK_LEFT  . . . . . . . . . . . .	Number	 00000025h   
VK_LMENU . . . . . . . . . . . .	Number	 000000A4h   
VK_LSHIFT  . . . . . . . . . . .	Number	 000000A0h   
VK_MENU  . . . . . . . . . . . .	Number	 00000012h   
VK_MULTIPLY  . . . . . . . . . .	Number	 0000006Ah   
VK_NEXT  . . . . . . . . . . . .	Number	 00000022h   
VK_NUMLOCK . . . . . . . . . . .	Number	 00000090h   
VK_NUMPAD0 . . . . . . . . . . .	Number	 00000060h   
VK_NUMPAD1 . . . . . . . . . . .	Number	 00000061h   
VK_NUMPAD2 . . . . . . . . . . .	Number	 00000062h   
VK_NUMPAD3 . . . . . . . . . . .	Number	 00000063h   
VK_NUMPAD4 . . . . . . . . . . .	Number	 00000064h   
VK_NUMPAD5 . . . . . . . . . . .	Number	 00000065h   
VK_NUMPAD6 . . . . . . . . . . .	Number	 00000066h   
VK_NUMPAD7 . . . . . . . . . . .	Number	 00000067h   
VK_NUMPAD8 . . . . . . . . . . .	Number	 00000068h   
VK_NUMPAD9 . . . . . . . . . . .	Number	 00000069h   
VK_PAUSE . . . . . . . . . . . .	Number	 00000013h   
VK_PRINT . . . . . . . . . . . .	Number	 0000002Ah   
VK_PRIOR . . . . . . . . . . . .	Number	 00000021h   
VK_RBUTTON . . . . . . . . . . .	Number	 00000002h   
VK_RCONTROL  . . . . . . . . . .	Number	 000000A3h   
VK_RETURN  . . . . . . . . . . .	Number	 0000000Dh   
VK_RIGHT . . . . . . . . . . . .	Number	 00000027h   
VK_RMENU . . . . . . . . . . . .	Number	 000000A5h   
VK_RSHIFT  . . . . . . . . . . .	Number	 000000A1h   
VK_SCROLL  . . . . . . . . . . .	Number	 00000091h   
VK_SEPARATER . . . . . . . . . .	Number	 0000006Ch   
VK_SHIFT . . . . . . . . . . . .	Number	 00000010h   
VK_SNAPSHOT  . . . . . . . . . .	Number	 0000002Ch   
VK_SPACE . . . . . . . . . . . .	Number	 00000020h   
VK_SUBTRACT  . . . . . . . . . .	Number	 0000006Dh   
VK_TAB . . . . . . . . . . . . .	Number	 00000009h   
VK_UP  . . . . . . . . . . . . .	Number	 00000026h   
WINDOW_BUFFER_SIZE_EVENT . . . .	Number	 00000004h   
WriteConsoleOutputCharacter  . .	Text   	 WriteConsoleOutputCharacterA
WriteConsole . . . . . . . . . .	Text   	 WriteConsoleA
attempt1 . . . . . . . . . . . .	Byte	 000004B5 _DATA	
attempt_string . . . . . . . . .	Byte	 0000058D _DATA	
black  . . . . . . . . . . . . .	Number	 00000000h   
blue . . . . . . . . . . . . . .	Number	 00000001h   
brown  . . . . . . . . . . . . .	Number	 00000006h   
correct_word . . . . . . . . . .	Byte	 0000056A _DATA	
current_points . . . . . . . . .	Byte	 0000052C _DATA	
cyan . . . . . . . . . . . . . .	Number	 00000003h   
exit . . . . . . . . . . . . . .	Text   	 INVOKE ExitProcess,0
fail . . . . . . . . . . . . . .	Byte	 0000049E _DATA	
gray . . . . . . . . . . . . . .	Number	 00000008h   
green_message  . . . . . . . . .	Byte	 00000035 _DATA	
green  . . . . . . . . . . . . .	Number	 00000002h   
helpful1 . . . . . . . . . . . .	Byte	 00000312 _DATA	
helpful2 . . . . . . . . . . . .	Byte	 00000321 _DATA	
helpful3 . . . . . . . . . . . .	Byte	 00000337 _DATA	
helpful  . . . . . . . . . . . .	Byte	 000002F5 _DATA	
index  . . . . . . . . . . . . .	Byte	 000005CD _DATA	
inputOptionPrompt  . . . . . . .	Byte	 000002C6 _DATA	
inputOption  . . . . . . . . . .	Byte	 00000491 _DATA	
input_string . . . . . . . . . .	Byte	 00000585 _DATA	
intro  . . . . . . . . . . . . .	Byte	 00000000 _DATA	
invalidInput . . . . . . . . . .	Byte	 00000445 _DATA	
lightBlue  . . . . . . . . . . .	Number	 00000009h   
lightCyan  . . . . . . . . . . .	Number	 0000000Bh   
lightGray  . . . . . . . . . . .	Number	 00000007h   
lightGreen . . . . . . . . . . .	Number	 0000000Ah   
lightMagenta . . . . . . . . . .	Number	 0000000Dh   
lightRed . . . . . . . . . . . .	Number	 0000000Ch   
luck . . . . . . . . . . . . . .	Byte	 00000493 _DATA	
magenta  . . . . . . . . . . . .	Number	 00000005h   
minus_points . . . . . . . . . .	Byte	 0000051F _DATA	
not_valid  . . . . . . . . . . .	Byte	 0000053F _DATA	
ok_message . . . . . . . . . . .	Byte	 000004EA _DATA	
opt1 . . . . . . . . . . . . . .	Byte	 00000261 _DATA	
opt2 . . . . . . . . . . . . . .	Byte	 00000263 _DATA	
opt3 . . . . . . . . . . . . . .	Byte	 00000265 _DATA	
opt4 . . . . . . . . . . . . . .	Byte	 00000267 _DATA	
option1  . . . . . . . . . . . .	Byte	 00000283 _DATA	
option2  . . . . . . . . . . . .	Byte	 0000028E _DATA	
option3  . . . . . . . . . . . .	Byte	 000002A0 _DATA	
option4  . . . . . . . . . . . .	Byte	 000002B7 _DATA	
options  . . . . . . . . . . . .	Byte	 00000269 _DATA	
pass . . . . . . . . . . . . . .	Byte	 000004D0 _DATA	
points_message . . . . . . . . .	Byte	 00000517 _DATA	
points . . . . . . . . . . . . .	DWord	 00000581 _DATA	
prompt_message . . . . . . . . .	Byte	 000005A3 _DATA	
red_message  . . . . . . . . . .	Byte	 000000A2 _DATA	
red  . . . . . . . . . . . . . .	Number	 00000004h   
rule1  . . . . . . . . . . . . .	Byte	 000000D1 _DATA	
rule2  . . . . . . . . . . . . .	Byte	 00000114 _DATA	
rule3  . . . . . . . . . . . . .	Byte	 0000014A _DATA	
rule4  . . . . . . . . . . . . .	Byte	 00000175 _DATA	
rule5  . . . . . . . . . . . . .	Byte	 000001C3 _DATA	
rule6  . . . . . . . . . . . . .	Byte	 00000201 _DATA	
rule7  . . . . . . . . . . . . .	Byte	 00000234 _DATA	
ruleIntro  . . . . . . . . . . .	Byte	 00000013 _DATA	
score_message  . . . . . . . . .	Byte	 0000050A _DATA	
scoring1 . . . . . . . . . . . .	Byte	 0000037C _DATA	
scoring2 . . . . . . . . . . . .	Byte	 000003AF _DATA	
scoring3 . . . . . . . . . . . .	Byte	 000003E6 _DATA	
scoring4 . . . . . . . . . . . .	Byte	 0000041C _DATA	
scoring  . . . . . . . . . . . .	Byte	 0000035D _DATA	
true_string  . . . . . . . . . .	Byte	 0000059D _DATA	
user_input . . . . . . . . . . .	Byte	 00000597 _DATA	
white  . . . . . . . . . . . . .	Number	 0000000Fh   
wsprintf . . . . . . . . . . . .	Text   	 wsprintfA
yellow_message . . . . . . . . .	Byte	 0000006A _DATA	
yellow . . . . . . . . . . . . .	Number	 0000000Eh   

	   0 Warnings
	   0 Errors
